---
source: engine/crates/integration-tests/tests/graphql_connector/basic.rs
expression: value
---
{
  "data": {
    "pullRequestOrIssue": {
      "__typename": "Issue",
      "author": {
        "__typename": "User",
        "email": "pessimist@example.com"
      },
      "title": "Everythings fine"
    },
    "serverVersion": "1"
  }
}
