---
source: common/dynaql/src/registry/resolvers/graphql/serializer.rs
expression: serialize(input)
---
query {
	foo @include @deprecated
}

