---
source: common/dynaql/src/registry/resolvers/graphql/serializer.rs
expression: serialize(input)
---
query {
	... on Foo @deprecated {
		baz
	}
	__typename
}

