---
source: common/parser/src/rules/relations/relations_engine.rs
assertion_line: 219
expression: "&ctx.relations"
---
{
    "AuthorRelatePost": MetaRelation {
        name: "AuthorRelatePost",
        kind: OneToMany,
        relation: (
            Some(
                "Author",
            ),
            "Post",
        ),
        birectional: false,
    },
}
