---
source: common/parser/src/rules/relations/relations_engine.rs
assertion_line: 126
expression: "&ctx.relations"
---
{
    "AuthorRelatePost": MetaRelation {
        name: "AuthorRelatePost",
        kind: OneToOne,
        relation: (
            "Post",
            "Author",
        ),
        birectional: false,
    },
}
