---
source: common/parser/src/rules/relations/relations_engine.rs
assertion_line: 155
expression: "&ctx.relations"
---
{
    "AuthorRelatePost": MetaRelation {
        name: "AuthorRelatePost",
        kind: OneToOne,
        relation: (
            "Author",
            "Post",
        ),
        birectional: true,
    },
}
