---
source: common/parser/src/rules/relations/mod.rs
expression: ctx.relations
---
{
    "postsToday": MetaRelation {
        name: "postsToday",
        kind: OneToMany,
        relation: (
            Some(
                "Author",
            ),
            "Post",
        ),
        bidirectional: false,
    },
    "postsYesterday": MetaRelation {
        name: "postsYesterday",
        kind: OneToMany,
        relation: (
            Some(
                "Author",
            ),
            "Post",
        ),
        bidirectional: false,
    },
    "published": MetaRelation {
        name: "published",
        kind: ManyToMany,
        relation: (
            Some(
                "Author",
            ),
            "Post",
        ),
        bidirectional: true,
    },
}
