---
source: common/parser/src/rules/relations/relations_engine.rs
expression: "&ctx.relations"
---
{
    "AuthorRelatePost": MetaRelation {
        name: "AuthorRelatePost",
        kind: OneToMany,
        relation: (
            Some(
                "Post",
            ),
            "Author",
        ),
        birectional: false,
    },
}
