---
source: common/parser/src/rules/relations/relations_engine.rs
expression: "&ctx.relations"
---
{
    "AuthorRelatePost": MetaRelation {
        name: "AuthorRelatePost",
        kind: ManyToMany,
        relation: (
            Some(
                "Author",
            ),
            "Post",
        ),
        bidirectional: true,
    },
}
