---
source: common/parser/src/rules/relations/relations_engine.rs
expression: "&ctx.relations"
---
{
    "AuthorToPost": MetaRelation {
        name: "AuthorToPost",
        kind: OneToMany,
        relation: (
            Some(
                "Author",
            ),
            "Post",
        ),
        birectional: true,
    },
}
