---
source: crates/engine/src/registry/resolvers/graphql/serializer.rs
expression: serialize(input)
---
query {
	foo(a: {a: "bar"})
}

