---
source: common/parser/src/lib.rs
assertion_line: 151
expression: sdl
---
type Author {
	name: String!
	lastname: String!
	pseudo: String
	truc: Truc!
}
"""
Author input type.
"""
input AuthorInput {
	name: String!
	lastname: String!
	pseudo: String
	truc: TrucInput!
}
type Mutation {
	"""
	Create a Todo
	"""
	todoCreate(input: TodoCreateInput!): TodoCreatePayload
	"""
	Delete a Todo by ID
	"""
	todoDelete(id: ID!): TodoDeletePayload
}
type Query {
	"""
<<<<<<< HEAD
	Get a Todo by ID
	"""
	todo(id: ID!): Todo
=======
	Get a Todo by his ID
	"""
	todobyID(id: ID!): Todo
>>>>>>> 858f84bf (feat: add basic type generation with nested array)
}
type Todo {
	id: ID!
	content: String!
	authors: [Author]
}
"""
Input to create a new Todo
"""
input TodoCreateInput {
	content: String!
	authors: [AuthorInput]
}
type TodoCreatePayload {
	todo: Todo
}
type TodoDeletePayload {
	deletedId: ID!
}
type Truc {
	name: String!
}
"""
Truc input type.
"""
input TrucInput {
	name: String!
}
schema {
	query: Query
	mutation: Mutation
}

