---
source: common/parser/src/lib.rs
assertion_line: 91
expression: sdl
---
type Mutation {
	"""
	Create a Product
	"""
	productCreate(input: ProductCreateInput!): ProductCreatePayload
	"""
	Update a Product
	"""
	productUpdate(id: ID!, input: ProductUpdateInput!): ProductUpdatePayload
	"""
	Delete a Product by ID
	"""
	productDelete(id: ID!): ProductDeletePayload
}
type PageInfo {
	hasPreviousPage: Boolean!
	hasNextPage: Boolean!
	startCursor: String
	endCursor: String
}
type Product {
	id: ID!
	name: String!
	"""
	The product's price in $
	"""
	price: Int!
}
type ProductConnection {
	"""
	Information to aid in pagination
	"""
	pageInfo: PageInfo!
	edges: [ProductEdge]
}
"""
Input to create a new Product
"""
input ProductCreateInput {
	name: String!
	"""
	The product's price in $
	"""
	price: Int!
}
type ProductCreatePayload {
	product: Product
}
type ProductDeletePayload {
	deletedId: ID!
}
type ProductEdge {
	node: Product!
	cursor: String!
}
"""
Input to create a new Product
"""
input ProductUpdateInput {
	name: String
	"""
	The product's price in $
	"""
	price: Int
}
type ProductUpdatePayload {
	product: Product
}
type Query {
	"""
	Get Product by ID
	"""
	product(id: ID!): Product
	"""
	Paginated query to fetch the whole list of `Product`.
	"""
	productCollection(after: String, before: String, first: Int, last: Int): ProductConnection
}
schema {
	query: Query
	mutation: Mutation
}

