---
source: common/parser/src/lib.rs
assertion_line: 80
expression: reg_string
---
{"types":{"Boolean":{"Scalar":{"name":"Boolean","description":"The `Boolean` scalar type represents `true` or `false`.","specified_by_url":null}},"Float":{"Scalar":{"name":"Float","description":"The `Float` scalar type represents signed double-precision fractional values as specified by [IEEE 754](https://en.wikipedia.org/wiki/IEEE_floating_point).","specified_by_url":null}},"ID":{"Scalar":{"name":"ID","description":null,"specified_by_url":null}},"Int":{"Scalar":{"name":"Int","description":"The `Int` scalar type represents non-fractional whole numeric values.","specified_by_url":null}},"Mutation":{"Object":{"name":"Mutation","description":null,"fields":{"productCreate":{"name":"productCreate","description":"Create a Product","args":{"input":{"name":"input","description":null,"ty":"ProductCreationInput!","default_value":null,"is_secret":false}},"ty":"ProductCreatePayload","deprecation":"NoDeprecated","cache_control":{"public":true,"max_age":0},"external":false,"requires":null,"provides":null,"edges":[],"relation":null,"resolve":{"id":"product_create_resolver","type":{"DynamoMutationResolver":{"CreateNode":{"input":{"InputTypeName":"input"},"ty":"Product"}}}},"transforms":null},"productDelete":{"name":"productDelete","description":"Delete a Product by ID","args":{"id":{"name":"id","description":null,"ty":"ID!","default_value":null,"is_secret":false}},"ty":"ProductDeletePayload","deprecation":"NoDeprecated","cache_control":{"public":true,"max_age":0},"external":false,"requires":null,"provides":null,"edges":[],"relation":null,"resolve":{"id":"product_delete_resolver","type":{"DynamoMutationResolver":{"DeleteNode":{"id":{"InputTypeName":"id"}}}}},"transforms":null}},"cache_control":{"public":true,"max_age":0},"extends":false,"keys":null,"is_subscription":false,"is_node":false,"rust_typename":"Mutation"}},"PageInfo":{"Object":{"name":"PageInfo","description":null,"fields":{"hasPreviousPage":{"name":"hasPreviousPage","description":null,"args":{},"ty":"Boolean!","deprecation":"NoDeprecated","cache_control":{"public":true,"max_age":0},"external":false,"requires":null,"provides":null,"edges":[],"relation":null,"resolve":{"id":null,"type":{"ContextDataResolver":"PaginationData"}},"transforms":[{"JSONSelect":{"property":"has_previous_page","functions":[]}}]},"hasNextPage":{"name":"hasNextPage","description":null,"args":{},"ty":"Boolean!","deprecation":"NoDeprecated","cache_control":{"public":true,"max_age":0},"external":false,"requires":null,"provides":null,"edges":[],"relation":null,"resolve":{"id":null,"type":{"ContextDataResolver":"PaginationData"}},"transforms":[{"JSONSelect":{"property":"has_next_page","functions":[]}}]},"startCursor":{"name":"startCursor","description":null,"args":{},"ty":"String","deprecation":"NoDeprecated","cache_control":{"public":true,"max_age":0},"external":false,"requires":null,"provides":null,"edges":[],"relation":null,"resolve":{"id":null,"type":{"ContextDataResolver":"PaginationData"}},"transforms":[{"JSONSelect":{"property":"start_cursor","functions":[]}}]},"endCursor":{"name":"endCursor","description":null,"args":{},"ty":"String","deprecation":"NoDeprecated","cache_control":{"public":true,"max_age":0},"external":false,"requires":null,"provides":null,"edges":[],"relation":null,"resolve":{"id":null,"type":{"ContextDataResolver":"PaginationData"}},"transforms":[{"JSONSelect":{"property":"end_cursor","functions":[]}}]}},"cache_control":{"public":true,"max_age":0},"extends":false,"keys":null,"is_subscription":false,"is_node":false,"rust_typename":"PageInfo"}},"Product":{"Object":{"name":"Product","description":null,"fields":{"id":{"name":"id","description":null,"args":{},"ty":"ID!","deprecation":"NoDeprecated","cache_control":{"public":true,"max_age":0},"external":false,"requires":null,"provides":null,"edges":[],"relation":null,"resolve":{"id":null,"type":{"ContextDataResolver":{"LocalKey":{"key":"Product"}}}},"transforms":[{"DynamoSelect":{"property":"__sk"}}]},"name":{"name":"name","description":null,"args":{},"ty":"String!","deprecation":"NoDeprecated","cache_control":{"public":true,"max_age":0},"external":false,"requires":null,"provides":null,"edges":[],"relation":null,"resolve":{"id":null,"type":{"ContextDataResolver":{"LocalKey":{"key":"Product"}}}},"transforms":[{"DynamoSelect":{"property":"name"}}]},"price":{"name":"price","description":"The product's price in $","args":{},"ty":"Int!","deprecation":"NoDeprecated","cache_control":{"public":true,"max_age":0},"external":false,"requires":null,"provides":null,"edges":[],"relation":null,"resolve":{"id":null,"type":{"ContextDataResolver":{"LocalKey":{"key":"Product"}}}},"transforms":[{"DynamoSelect":{"property":"price"}}]}},"cache_control":{"public":true,"max_age":0},"extends":false,"keys":null,"is_subscription":false,"is_node":true,"rust_typename":"Product"}},"ProductConnection":{"Object":{"name":"ProductConnection","description":null,"fields":{"pageInfo":{"name":"pageInfo","description":"Information to aid in pagination","args":{},"ty":"PageInfo!","deprecation":"NoDeprecated","cache_control":{"public":true,"max_age":0},"external":false,"requires":null,"provides":null,"edges":[],"relation":null,"resolve":null,"transforms":null},"edges":{"name":"edges","description":null,"args":{},"ty":"[ProductEdge]","deprecation":"NoDeprecated","cache_control":{"public":true,"max_age":0},"external":false,"requires":null,"provides":null,"edges":[],"relation":null,"resolve":null,"transforms":null}},"cache_control":{"public":true,"max_age":0},"extends":false,"keys":null,"is_subscription":false,"is_node":false,"rust_typename":"ProductConnection"}},"ProductCreatePayload":{"Object":{"name":"ProductCreatePayload","description":null,"fields":{"product":{"name":"product","description":null,"args":{},"ty":"Product","deprecation":"NoDeprecated","cache_control":{"public":true,"max_age":0},"external":false,"requires":null,"provides":null,"edges":[],"relation":null,"resolve":{"id":"product_resolver","type":{"DynamoResolver":{"QueryPKSK":{"pk":{"LocalData":"id"},"sk":{"LocalData":"id"}}}}},"transforms":null}},"cache_control":{"public":true,"max_age":0},"extends":false,"keys":null,"is_subscription":false,"is_node":false,"rust_typename":"ProductCreatePayload"}},"ProductCreationInput":{"InputObject":{"name":"ProductCreationInput","description":"Input to create a new Product","input_fields":{"name":{"name":"name","description":null,"ty":"String!","default_value":null,"is_secret":false},"price":{"name":"price","description":"The product's price in $","ty":"Int!","default_value":null,"is_secret":false}},"rust_typename":"Product","oneof":false}},"ProductDeletePayload":{"Object":{"name":"ProductDeletePayload","description":null,"fields":{"deletedId":{"name":"deletedId","description":null,"args":{},"ty":"ID!","deprecation":"NoDeprecated","cache_control":{"public":true,"max_age":0},"external":false,"requires":null,"provides":null,"edges":[],"relation":null,"resolve":null,"transforms":[{"JSONSelect":{"property":"id","functions":[]}}]}},"cache_control":{"public":true,"max_age":0},"extends":false,"keys":null,"is_subscription":false,"is_node":false,"rust_typename":"ProductDeletePayload"}},"ProductEdge":{"Object":{"name":"ProductEdge","description":null,"fields":{"node":{"name":"node","description":null,"args":{},"ty":"Product!","deprecation":"NoDeprecated","cache_control":{"public":true,"max_age":0},"external":false,"requires":null,"provides":null,"edges":[],"relation":null,"resolve":null,"transforms":null},"cursor":{"name":"cursor","description":null,"args":{},"ty":"String!","deprecation":"NoDeprecated","cache_control":{"public":true,"max_age":0},"external":false,"requires":null,"provides":null,"edges":[],"relation":null,"resolve":{"id":null,"type":{"ContextDataResolver":{"LocalKey":{"key":"Product"}}}},"transforms":[{"DynamoSelect":{"property":"__pk"}}]}},"cache_control":{"public":true,"max_age":0},"extends":false,"keys":null,"is_subscription":false,"is_node":false,"rust_typename":"ProductEdge"}},"Query":{"Object":{"name":"Query","description":null,"fields":{"__schema":{"name":"__schema","description":"Access the current type schema of this server.","args":{},"ty":"__Schema!","deprecation":"NoDeprecated","cache_control":{"public":true,"max_age":0},"external":false,"requires":null,"provides":null,"edges":[],"relation":null,"resolve":null,"transforms":null},"product":{"name":"product","description":"Get a Product by ID","args":{"id":{"name":"id","description":"Product id","ty":"ID!","default_value":null,"is_secret":false}},"ty":"Product","deprecation":"NoDeprecated","cache_control":{"public":true,"max_age":0},"external":false,"requires":null,"provides":null,"edges":[],"relation":null,"resolve":{"id":"product_resolver","type":{"DynamoResolver":{"QueryPKSK":{"pk":{"InputTypeName":"id"},"sk":{"InputTypeName":"id"}}}}},"transforms":null},"productCollection":{"name":"productCollection","description":"Paginated query to fetch the whole list of `Product`.","args":{"after":{"name":"after","description":null,"ty":"String","default_value":null,"is_secret":false},"before":{"name":"before","description":null,"ty":"String","default_value":null,"is_secret":false},"first":{"name":"first","description":null,"ty":"Int","default_value":null,"is_secret":false},"last":{"name":"last","description":null,"ty":"Int","default_value":null,"is_secret":false}},"ty":"ProductConnection","deprecation":"NoDeprecated","cache_control":{"public":true,"max_age":0},"external":false,"requires":null,"provides":null,"edges":[],"relation":null,"resolve":{"id":"product_resolver","type":{"DynamoResolver":{"ListResultByTypePaginated":{"type":{"DebugString":"Product"},"first":{"InputTypeName":"first"},"last":{"InputTypeName":"last"},"after":{"InputTypeName":"after"},"before":{"InputTypeName":"before"}}}}},"transforms":null}},"cache_control":{"public":true,"max_age":0},"extends":false,"keys":null,"is_subscription":false,"is_node":false,"rust_typename":"Query"}},"String":{"Scalar":{"name":"String","description":"The `String` scalar type represents textual data, represented as UTF-8 character sequences. The String type is most often used by GraphQL to represent free-form human-readable text.","specified_by_url":null}},"__Directive":{"Object":{"name":"__Directive","description":"A Directive provides a way to describe alternate runtime execution and type validation behavior in a GraphQL document.\n\nIn some cases, you need to provide options to alter GraphQL's execution behavior in ways field arguments will not suffice, such as conditionally including or skipping a field. Directives provide this by describing additional information to the executor.","fields":{"name":{"name":"name","description":null,"args":{},"ty":"String!","deprecation":"NoDeprecated","cache_control":{"public":true,"max_age":0},"external":false,"requires":null,"provides":null,"edges":[],"relation":null,"resolve":null,"transforms":null},"description":{"name":"description","description":null,"args":{},"ty":"String","deprecation":"NoDeprecated","cache_control":{"public":true,"max_age":0},"external":false,"requires":null,"provides":null,"edges":[],"relation":null,"resolve":null,"transforms":null},"locations":{"name":"locations","description":null,"args":{},"ty":"[__DirectiveLocation!]!","deprecation":"NoDeprecated","cache_control":{"public":true,"max_age":0},"external":false,"requires":null,"provides":null,"edges":[],"relation":null,"resolve":null,"transforms":null},"args":{"name":"args","description":null,"args":{},"ty":"[__InputValue!]!","deprecation":"NoDeprecated","cache_control":{"public":true,"max_age":0},"external":false,"requires":null,"provides":null,"edges":[],"relation":null,"resolve":null,"transforms":null},"isRepeatable":{"name":"isRepeatable","description":null,"args":{},"ty":"Boolean!","deprecation":"NoDeprecated","cache_control":{"public":true,"max_age":0},"external":false,"requires":null,"provides":null,"edges":[],"relation":null,"resolve":null,"transforms":null}},"cache_control":{"public":true,"max_age":0},"extends":false,"keys":null,"is_subscription":false,"is_node":false,"rust_typename":"async_graphql::model::directive::__Directive"}},"__DirectiveLocation":{"Enum":{"name":"__DirectiveLocation","description":"A Directive can be adjacent to many parts of the GraphQL language, a __DirectiveLocation describes one such possible adjacencies.","enum_values":{"QUERY":{"name":"QUERY","description":"Location adjacent to a query operation.","deprecation":"NoDeprecated"},"MUTATION":{"name":"MUTATION","description":"Location adjacent to a mutation operation.","deprecation":"NoDeprecated"},"SUBSCRIPTION":{"name":"SUBSCRIPTION","description":"Location adjacent to a subscription operation.","deprecation":"NoDeprecated"},"FIELD":{"name":"FIELD","description":"Location adjacent to a field.","deprecation":"NoDeprecated"},"FRAGMENT_DEFINITION":{"name":"FRAGMENT_DEFINITION","description":"Location adjacent to a fragment definition.","deprecation":"NoDeprecated"},"FRAGMENT_SPREAD":{"name":"FRAGMENT_SPREAD","description":"Location adjacent to a fragment spread.","deprecation":"NoDeprecated"},"INLINE_FRAGMENT":{"name":"INLINE_FRAGMENT","description":"Location adjacent to an inline fragment.","deprecation":"NoDeprecated"},"VARIABLE_DEFINITION":{"name":"VARIABLE_DEFINITION","description":"Location adjacent to a variable definition.","deprecation":"NoDeprecated"},"SCHEMA":{"name":"SCHEMA","description":"Location adjacent to a schema definition.","deprecation":"NoDeprecated"},"SCALAR":{"name":"SCALAR","description":"Location adjacent to a scalar definition.","deprecation":"NoDeprecated"},"OBJECT":{"name":"OBJECT","description":"Location adjacent to an object type definition.","deprecation":"NoDeprecated"},"FIELD_DEFINITION":{"name":"FIELD_DEFINITION","description":"Location adjacent to a field definition.","deprecation":"NoDeprecated"},"ARGUMENT_DEFINITION":{"name":"ARGUMENT_DEFINITION","description":"Location adjacent to an argument definition.","deprecation":"NoDeprecated"},"INTERFACE":{"name":"INTERFACE","description":"Location adjacent to an interface definition.","deprecation":"NoDeprecated"},"UNION":{"name":"UNION","description":"Location adjacent to a union definition.","deprecation":"NoDeprecated"},"ENUM":{"name":"ENUM","description":"Location adjacent to an enum definition.","deprecation":"NoDeprecated"},"ENUM_VALUE":{"name":"ENUM_VALUE","description":"Location adjacent to an enum value definition.","deprecation":"NoDeprecated"},"INPUT_OBJECT":{"name":"INPUT_OBJECT","description":"Location adjacent to an input object type definition.","deprecation":"NoDeprecated"},"INPUT_FIELD_DEFINITION":{"name":"INPUT_FIELD_DEFINITION","description":"Location adjacent to an input object field definition.","deprecation":"NoDeprecated"}},"rust_typename":"async_graphql::model::directive::__DirectiveLocation"}},"__EnumValue":{"Object":{"name":"__EnumValue","description":"One possible value for a given Enum. Enum values are unique values, not a placeholder for a string or numeric value. However an Enum value is returned in a JSON response as a string.","fields":{"name":{"name":"name","description":null,"args":{},"ty":"String!","deprecation":"NoDeprecated","cache_control":{"public":true,"max_age":0},"external":false,"requires":null,"provides":null,"edges":[],"relation":null,"resolve":null,"transforms":null},"description":{"name":"description","description":null,"args":{},"ty":"String","deprecation":"NoDeprecated","cache_control":{"public":true,"max_age":0},"external":false,"requires":null,"provides":null,"edges":[],"relation":null,"resolve":null,"transforms":null},"isDeprecated":{"name":"isDeprecated","description":null,"args":{},"ty":"Boolean!","deprecation":"NoDeprecated","cache_control":{"public":true,"max_age":0},"external":false,"requires":null,"provides":null,"edges":[],"relation":null,"resolve":null,"transforms":null},"deprecationReason":{"name":"deprecationReason","description":null,"args":{},"ty":"String","deprecation":"NoDeprecated","cache_control":{"public":true,"max_age":0},"external":false,"requires":null,"provides":null,"edges":[],"relation":null,"resolve":null,"transforms":null}},"cache_control":{"public":true,"max_age":0},"extends":false,"keys":null,"is_subscription":false,"is_node":false,"rust_typename":"async_graphql::model::enum_value::__EnumValue"}},"__Field":{"Object":{"name":"__Field","description":"Object and Interface types are described by a list of Fields, each of which has a name, potentially a list of arguments, and a return type.","fields":{"name":{"name":"name","description":null,"args":{},"ty":"String!","deprecation":"NoDeprecated","cache_control":{"public":true,"max_age":0},"external":false,"requires":null,"provides":null,"edges":[],"relation":null,"resolve":null,"transforms":null},"description":{"name":"description","description":null,"args":{},"ty":"String","deprecation":"NoDeprecated","cache_control":{"public":true,"max_age":0},"external":false,"requires":null,"provides":null,"edges":[],"relation":null,"resolve":null,"transforms":null},"args":{"name":"args","description":null,"args":{},"ty":"[__InputValue!]!","deprecation":"NoDeprecated","cache_control":{"public":true,"max_age":0},"external":false,"requires":null,"provides":null,"edges":[],"relation":null,"resolve":null,"transforms":null},"type":{"name":"type","description":null,"args":{},"ty":"__Type!","deprecation":"NoDeprecated","cache_control":{"public":true,"max_age":0},"external":false,"requires":null,"provides":null,"edges":[],"relation":null,"resolve":null,"transforms":null},"isDeprecated":{"name":"isDeprecated","description":null,"args":{},"ty":"Boolean!","deprecation":"NoDeprecated","cache_control":{"public":true,"max_age":0},"external":false,"requires":null,"provides":null,"edges":[],"relation":null,"resolve":null,"transforms":null},"deprecationReason":{"name":"deprecationReason","description":null,"args":{},"ty":"String","deprecation":"NoDeprecated","cache_control":{"public":true,"max_age":0},"external":false,"requires":null,"provides":null,"edges":[],"relation":null,"resolve":null,"transforms":null}},"cache_control":{"public":true,"max_age":0},"extends":false,"keys":null,"is_subscription":false,"is_node":false,"rust_typename":"async_graphql::model::field::__Field"}},"__InputValue":{"Object":{"name":"__InputValue","description":"Arguments provided to Fields or Directives and the input fields of an InputObject are represented as Input Values which describe their type and optionally a default value.","fields":{"name":{"name":"name","description":null,"args":{},"ty":"String!","deprecation":"NoDeprecated","cache_control":{"public":true,"max_age":0},"external":false,"requires":null,"provides":null,"edges":[],"relation":null,"resolve":null,"transforms":null},"description":{"name":"description","description":null,"args":{},"ty":"String","deprecation":"NoDeprecated","cache_control":{"public":true,"max_age":0},"external":false,"requires":null,"provides":null,"edges":[],"relation":null,"resolve":null,"transforms":null},"type":{"name":"type","description":null,"args":{},"ty":"__Type!","deprecation":"NoDeprecated","cache_control":{"public":true,"max_age":0},"external":false,"requires":null,"provides":null,"edges":[],"relation":null,"resolve":null,"transforms":null},"defaultValue":{"name":"defaultValue","description":null,"args":{},"ty":"String","deprecation":"NoDeprecated","cache_control":{"public":true,"max_age":0},"external":false,"requires":null,"provides":null,"edges":[],"relation":null,"resolve":null,"transforms":null}},"cache_control":{"public":true,"max_age":0},"extends":false,"keys":null,"is_subscription":false,"is_node":false,"rust_typename":"async_graphql::model::input_value::__InputValue"}},"__Schema":{"Object":{"name":"__Schema","description":"A GraphQL Schema defines the capabilities of a GraphQL server. It exposes all available types and directives on the server, as well as the entry points for query, mutation, and subscription operations.","fields":{"types":{"name":"types","description":"A list of all types supported by this server.","args":{},"ty":"[__Type!]!","deprecation":"NoDeprecated","cache_control":{"public":true,"max_age":0},"external":false,"requires":null,"provides":null,"edges":[],"relation":null,"resolve":null,"transforms":null},"queryType":{"name":"queryType","description":"The type that query operations will be rooted at.","args":{},"ty":"__Type!","deprecation":"NoDeprecated","cache_control":{"public":true,"max_age":0},"external":false,"requires":null,"provides":null,"edges":[],"relation":null,"resolve":null,"transforms":null},"mutationType":{"name":"mutationType","description":"If this server supports mutation, the type that mutation operations will be rooted at.","args":{},"ty":"__Type","deprecation":"NoDeprecated","cache_control":{"public":true,"max_age":0},"external":false,"requires":null,"provides":null,"edges":[],"relation":null,"resolve":null,"transforms":null},"subscriptionType":{"name":"subscriptionType","description":"If this server support subscription, the type that subscription operations will be rooted at.","args":{},"ty":"__Type","deprecation":"NoDeprecated","cache_control":{"public":true,"max_age":0},"external":false,"requires":null,"provides":null,"edges":[],"relation":null,"resolve":null,"transforms":null},"directives":{"name":"directives","description":"A list of all directives supported by this server.","args":{},"ty":"[__Directive!]!","deprecation":"NoDeprecated","cache_control":{"public":true,"max_age":0},"external":false,"requires":null,"provides":null,"edges":[],"relation":null,"resolve":null,"transforms":null}},"cache_control":{"public":true,"max_age":0},"extends":false,"keys":null,"is_subscription":false,"is_node":false,"rust_typename":"async_graphql::model::schema::__Schema"}},"__Type":{"Object":{"name":"__Type","description":"The fundamental unit of any GraphQL Schema is the type. There are many kinds of types in GraphQL as represented by the `__TypeKind` enum.\n\nDepending on the kind of a type, certain fields describe information about that type. Scalar types provide no information beyond a name and description, while Enum types provide their values. Object and Interface types provide the fields they describe. Abstract types, Union and Interface, provide the Object types possible at runtime. List and NonNull types compose other types.","fields":{"kind":{"name":"kind","description":null,"args":{},"ty":"__TypeKind!","deprecation":"NoDeprecated","cache_control":{"public":true,"max_age":0},"external":false,"requires":null,"provides":null,"edges":[],"relation":null,"resolve":null,"transforms":null},"name":{"name":"name","description":null,"args":{},"ty":"String","deprecation":"NoDeprecated","cache_control":{"public":true,"max_age":0},"external":false,"requires":null,"provides":null,"edges":[],"relation":null,"resolve":null,"transforms":null},"description":{"name":"description","description":null,"args":{},"ty":"String","deprecation":"NoDeprecated","cache_control":{"public":true,"max_age":0},"external":false,"requires":null,"provides":null,"edges":[],"relation":null,"resolve":null,"transforms":null},"fields":{"name":"fields","description":null,"args":{"includeDeprecated":{"name":"includeDeprecated","description":null,"ty":"Boolean!","default_value":"false","is_secret":false}},"ty":"[__Field!]","deprecation":"NoDeprecated","cache_control":{"public":true,"max_age":0},"external":false,"requires":null,"provides":null,"edges":[],"relation":null,"resolve":null,"transforms":null},"interfaces":{"name":"interfaces","description":null,"args":{},"ty":"[__Type!]","deprecation":"NoDeprecated","cache_control":{"public":true,"max_age":0},"external":false,"requires":null,"provides":null,"edges":[],"relation":null,"resolve":null,"transforms":null},"possibleTypes":{"name":"possibleTypes","description":null,"args":{},"ty":"[__Type!]","deprecation":"NoDeprecated","cache_control":{"public":true,"max_age":0},"external":false,"requires":null,"provides":null,"edges":[],"relation":null,"resolve":null,"transforms":null},"enumValues":{"name":"enumValues","description":null,"args":{"includeDeprecated":{"name":"includeDeprecated","description":null,"ty":"Boolean!","default_value":"false","is_secret":false}},"ty":"[__EnumValue!]","deprecation":"NoDeprecated","cache_control":{"public":true,"max_age":0},"external":false,"requires":null,"provides":null,"edges":[],"relation":null,"resolve":null,"transforms":null},"inputFields":{"name":"inputFields","description":null,"args":{},"ty":"[__InputValue!]","deprecation":"NoDeprecated","cache_control":{"public":true,"max_age":0},"external":false,"requires":null,"provides":null,"edges":[],"relation":null,"resolve":null,"transforms":null},"ofType":{"name":"ofType","description":null,"args":{},"ty":"__Type","deprecation":"NoDeprecated","cache_control":{"public":true,"max_age":0},"external":false,"requires":null,"provides":null,"edges":[],"relation":null,"resolve":null,"transforms":null},"specifiedByURL":{"name":"specifiedByURL","description":null,"args":{},"ty":"String","deprecation":"NoDeprecated","cache_control":{"public":true,"max_age":0},"external":false,"requires":null,"provides":null,"edges":[],"relation":null,"resolve":null,"transforms":null}},"cache_control":{"public":true,"max_age":0},"extends":false,"keys":null,"is_subscription":false,"is_node":false,"rust_typename":"async_graphql::model::type::__Type"}},"__TypeKind":{"Enum":{"name":"__TypeKind","description":"An enum describing what kind of type a given `__Type` is.","enum_values":{"SCALAR":{"name":"SCALAR","description":"Indicates this type is a scalar.","deprecation":"NoDeprecated"},"OBJECT":{"name":"OBJECT","description":"Indicates this type is an object. `fields` and `interfaces` are valid fields.","deprecation":"NoDeprecated"},"INTERFACE":{"name":"INTERFACE","description":"Indicates this type is an interface. `fields` and `possibleTypes` are valid fields.","deprecation":"NoDeprecated"},"UNION":{"name":"UNION","description":"Indicates this type is a union. `possibleTypes` is a valid field.","deprecation":"NoDeprecated"},"ENUM":{"name":"ENUM","description":"Indicates this type is an enum. `enumValues` is a valid field.","deprecation":"NoDeprecated"},"INPUT_OBJECT":{"name":"INPUT_OBJECT","description":"Indicates this type is an input object. `inputFields` is a valid field.","deprecation":"NoDeprecated"},"LIST":{"name":"LIST","description":"Indicates this type is a list. `ofType` is a valid field.","deprecation":"NoDeprecated"},"NON_NULL":{"name":"NON_NULL","description":"Indicates this type is a non-null. `ofType` is a valid field.","deprecation":"NoDeprecated"}},"rust_typename":"async_graphql::model::kind::__TypeKind"}}},"directives":{"skip":{"name":"skip","description":"Directs the executor to skip this field or fragment when the `if` argument is true.","locations":["FIELD","FRAGMENT_SPREAD","INLINE_FRAGMENT"],"args":{"if":{"name":"if","description":"Skipped when true.","ty":"Boolean!","default_value":null,"is_secret":false}},"is_repeatable":false},"include":{"name":"include","description":"Directs the executor to include this field or fragment only when the `if` argument is true.","locations":["FIELD","FRAGMENT_SPREAD","INLINE_FRAGMENT"],"args":{"if":{"name":"if","description":"Included when true.","ty":"Boolean!","default_value":null,"is_secret":false}},"is_repeatable":false}},"implements":{},"query_type":"Query","mutation_type":"Mutation","subscription_type":null,"disable_introspection":false,"enable_federation":false,"federation_subscription":false}
