---
source: common/parser/src/lib.rs
assertion_line: 209
expression: sdl
---
type Author {
	name: String!
	lastname: String!
	pseudo: String
	truc: Truc!
}
"""
Author input type.
"""
input AuthorInput {
	name: String!
	lastname: String!
	pseudo: String
	truc: TrucInput!
}
type Mutation {
	"""
	Create a Todo
	"""
	todoCreate(input: TodoCreateInput!): TodoCreatePayload
	"""
	Delete a Todo by ID
	"""
	todoDelete(id: ID!): TodoDeletePayload
}
type PageInfo {
	hasPreviousPage: Boolean!
	hasNextPage: Boolean!
	startCursor: String
	endCursor: String
}
type Query {
	"""
	Get a Todo by ID
	"""
	todo(id: ID!): Todo
	"""
	Unpaginated query to fetch the whole list of `Todo`.
	"""
	todoCollection(after: String, before: String, first: Int, last: Int): TodoConnection
}
type Todo {
	id: ID!
	content: String!
	authors: [Author]
	ty: TodoType!
}
type TodoConnection {
	"""
	Information to aid in pagination
	"""
	pageInfo: PageInfo!
	edges: [TodoEdge]
}
"""
Input to create a new Todo
"""
input TodoCreateInput {
	content: String!
	authors: [AuthorInput]
	ty: TodoType!
}
type TodoCreatePayload {
	todo: Todo
}
type TodoDeletePayload {
	deletedId: ID!
}
type TodoEdge {
	node: Todo!
	cursor: String!
}
"""
A TodoType
"""
enum TodoType {
	TODO1
	TODO2
}
type Truc {
	name: String!
}
"""
Truc input type.
"""
input TrucInput {
	name: String!
}
schema {
	query: Query
	mutation: Mutation
}

