---
source: cli/crates/cli/tests/auth.rs
expression: "private_client.gql::<Value>(AUTH_CREATE_MUTATION).await"
---
{
  "data": null,
  "errors": [
    "[RuleError { locations: [Pos(10:6)], message: \"The connector-less `@model` directive is no longer supported.\" }]"
  ]
}
