---
source: cli/crates/cli/tests/custom_resolvers.rs
expression: value
---
null
