---
source: crates/parser-sdl/src/rules/relations/mod.rs
expression: ctx.errors
---
[
    RuleError {
        locations: [
            Pos(5:17),
        ],
        message: "Relations issues: You have multiple relations starting from `Author`, the relation engine can't define them without a little help. Try using the `@relation` directive.",
    },
]
