---
source: common/graph_entities/src/cursor.rs
expression: cursor
---
"TXkgc2hpbnkgbmV3IGN1cnNvcg"
