---
source: common/parser/src/rules/scalar_hydratation.rs
expression: scalar_ty.unwrap()
---
Scalar {
    name: "DateTime",
    description: None,
    specified_by_url: None,
    parser: BestEffort,
}
