---
source: engine/crates/integration-tests/tests/subgraph/introspection.rs
expression: schema
---
type User @key(fields: "id") {
	id: ID!
	name: String! @requires(fields: "id")
}

