---
source: cli/crates/cli/tests/graphql-directive/main.rs
expression: value
---
data:
  pullRequestOrIssue:
    __typename: PullRequest
    author:
      __typename: User
      email: jim@example.com
    checks:
      - Success!
    title: Creating the thing
  serverVersion: "1"

