---
source: common/dynaql/src/registry/resolvers/graphql/serializer.rs
expression: serialize(input)
---
query {
	foo {
		__typename
		bar
		baz
	}

	qux {
		__typename
		quux
	}

}

