---
source: common/dynaql/src/registry/scalars/phone.rs
assertion_line: 115
expression: scalar
---
Err(
    InputValueError {
        message: "Failed to parse \"PhoneNumber\": Invalid phone number",
        phantom: PhantomData<serde_json::value::Value>,
    },
)
