---
source: common/dynaql/src/registry/scalars/json.rs
assertion_line: 74
expression: "JSONScalar::sdl()"
---
"""
A JSON Value
"""
scalar JSON 

